
> Configure project :
MixinGradle did not locate the diffplug APT plugin, skipping eclipse task configuration

> Task :clean
> Task :downloadMcpConfig
> Task :extractSrg
> Task :createMcpToSrg
> Task :extractTinyConfig

> Task :compileJava
注: SpongePowered MIXIN Annotation Processor Version=0.8.5 (MixinGradle Version=0.7)
注: Supported obfuscation types: ObfuscationServiceMCP supports [notch] ObfuscationServiceFG3 supports [searge]
注: Loading searge mappings from D:\projects\better-spell-casting\build\createMcpToSrg\output.tsrg
注: Writing refmap to D:\projects\better-spell-casting\build\tmp\compileJava\compileJava-refmap.json
注: Writing refmap to D:\projects\better-spell-casting\build\tmp\compileJava\compileJava-refmap.json
注: Writing searge composite mappings to D:\projects\better-spell-casting\build\tmp\compileJava\compileJava-mappings.tsrg
注: Writing refmap to D:\projects\better-spell-casting\build\tmp\compileJava\compileJava-refmap.json
注: Writing refmap to D:\projects\better-spell-casting\build\tmp\compileJava\compileJava-refmap.json
注: Writing searge composite mappings to D:\projects\better-spell-casting\build\tmp\compileJava\compileJava-mappings.tsrg
D:\projects\better-spell-casting\src\main\java\com\betterspellcasting\BetterSpellcastingClient.java:29: 警告: [removal] FMLJavaModLoadingContext 中的 get() 已过时, 且标记为待删除
        FMLJavaModLoadingContext.get().getModEventBus().addListener(BetterSpellcastingClient::registerKeys);
                                ^
1 个警告

> Task :addMixinsToJar
> Task :processResources
> Task :classes
> Task :jar
> Task :configureReobfTaskForReobfJar
> Task :reobfJar
> Task :configureReobfTaskForReobfJarJar
> Task :addMixinsToJarJar
> Task :jarJar SKIPPED
> Task :reobfJarJar SKIPPED
> Task :assemble
> Task :compileTestJava NO-SOURCE
> Task :processTestResources NO-SOURCE
> Task :testClasses UP-TO-DATE
> Task :test NO-SOURCE
> Task :check UP-TO-DATE
> Task :build

BUILD SUCCESSFUL in 15s
13 actionable tasks: 13 executed
